UniProtKB
A0A000
UniProtKB
A0A000
UniProtKB
A0A000
UniProtKB
A0A000
UniProtKB
A0A000
UniProtKB
A0A001
UniProtKB
A0A001
UniProtKB
A0A001
UniProtKB
A0A001
UniProtKB
A0A001
UniProtKB
A0A001
UniProtKB
A0A001
UniProtKB
A0A001
UniProtKB
A0A001
UniProtKB
A0A001
UniProtKB
A0A001
UniProtKB
A0A002
UniProtKB
A0A002
UniProtKB
A0A002
UniProtKB
A0A002
UniProtKB
A0A002
UniProtKB
A0A002
UniProtKB
A0A002
UniProtKB
A0A002
UniProtKB
A0A002
UniProtKB
A0A002
UniProtKB
A0A002
UniProtKB
A0A003
UniProtKB
A0A003
UniProtKB
A0A004
UniProtKB
A0A004
UniProtKB
A0A004
UniProtKB
A0A004
UniProtKB
A0A004
UniProtKB
A0A004
UniProtKB
A0A004
UniProtKB
A0A007
UniProtKB
A0A007
UniProtKB
A0A007
UniProtKB
A0A007
UniProtKB
A0A009
UniProtKB
A0A009
UniProtKB
A0A009DWE1
UniProtKB
A0A009DWE1
UniProtKB
A0A009DWE1
UniProtKB
A0A009DWH9
UniProtKB
A0A009DWJ5
UniProtKB
A0A009DWL0
UniProtKB
A0A009DWL5
UniProtKB
A0A009DWL5
UniProtKB
A0A009DWM1
UniProtKB
A0A009DWM1
UniProtKB
A0A009DWM1
UniProtKB
A0A009DWM1
UniProtKB
A0A009DWN1
UniProtKB
A0A009DWN1
UniProtKB
A0A009DWN1
UniProtKB
A0A009DWP3
UniProtKB
A0A009DWP3
UniProtKB
A0A009DWW6
UniProtKB
A0A009DWW6
UniProtKB
A0A009DWW6
UniProtKB
A0A009DWW6
UniProtKB
A0A009DWW6
UniProtKB
A0A009DXE7
UniProtKB
A0A009DXE7
UniProtKB
A0A009DXE7
UniProtKB
A0A009DXM2
UniProtKB
A0A009DXM2
UniProtKB
A0A009DXR6
UniProtKB
A0A009DXR6
UniProtKB
A0A009DXR6
UniProtKB
A0A009DXW5
UniProtKB
A0A009DXY7
