<http://purl.obolibrary.org/obo/GO_0008168> SubClassOf <http://purl.obolibrary.org/obo/GO_0003674>
<http://purl.obolibrary.org/obo/GO_0003723> SubClassOf <http://purl.obolibrary.org/obo/GO_0003674>
<http://purl.obolibrary.org/obo/GO_0006397> SubClassOf <http://purl.obolibrary.org/obo/GO_0034641>
<http://purl.obolibrary.org/obo/GO_0005840> SubClassOf <http://purl.obolibrary.org/obo/GO_0043226>
<http://purl.obolibrary.org/obo/GO_0005840> SubClassOf <http://purl.obolibrary.org/obo/GO_0032991>
<http://purl.obolibrary.org/obo/GO_0003677> SubClassOf <http://purl.obolibrary.org/obo/GO_0003674>
<http://purl.obolibrary.org/obo/GO_0005886> SubClassOf <http://purl.obolibrary.org/obo/GO_0005575>
<http://purl.obolibrary.org/obo/GO_0003674> SubClassOf <http://www.w3.org/2002/07/owl#Thing>
<http://purl.obolibrary.org/obo/GO_0007165> SubClassOf <http://purl.obolibrary.org/obo/GO_0008150>
<http://purl.obolibrary.org/obo/GO_0050877> SubClassOf <http://purl.obolibrary.org/obo/GO_0008150>
<http://purl.obolibrary.org/obo/GO_0005622> SubClassOf <http://purl.obolibrary.org/obo/GO_0005575>
<http://purl.obolibrary.org/obo/GO_0048646> SubClassOf <http://purl.obolibrary.org/obo/GO_0008150>
<http://purl.obolibrary.org/obo/GO_0005929> SubClassOf <http://purl.obolibrary.org/obo/GO_0043226>
<http://purl.obolibrary.org/obo/GO_0016798> SubClassOf <http://purl.obolibrary.org/obo/GO_0003674>
<http://purl.obolibrary.org/obo/GO_0034330> SubClassOf <http://purl.obolibrary.org/obo/GO_0008150>
<http://purl.obolibrary.org/obo/GO_0016791> SubClassOf <http://purl.obolibrary.org/obo/GO_0003674>
<http://purl.obolibrary.org/obo/GO_0008150> SubClassOf <http://www.w3.org/2002/07/owl#Thing>
<http://purl.obolibrary.org/obo/GO_0043226> SubClassOf <http://purl.obolibrary.org/obo/GO_0005575>
<http://purl.obolibrary.org/obo/GO_0005654> SubClassOf <http://purl.obolibrary.org/obo/GO_0005575>
<http://purl.obolibrary.org/obo/GO_0022607> SubClassOf <http://purl.obolibrary.org/obo/GO_0008150>
<http://purl.obolibrary.org/obo/GO_0006914> SubClassOf <http://purl.obolibrary.org/obo/GO_0009056>
<http://purl.obolibrary.org/obo/GO_0006913> SubClassOf <http://purl.obolibrary.org/obo/GO_0006810>
<http://purl.obolibrary.org/obo/GO_0007155> SubClassOf <http://purl.obolibrary.org/obo/GO_0008150>
<http://purl.obolibrary.org/obo/GO_0030312> SubClassOf <http://purl.obolibrary.org/obo/GO_0005575>
<http://purl.obolibrary.org/obo/GO_0048856> SubClassOf <http://purl.obolibrary.org/obo/GO_0008150>
<http://purl.obolibrary.org/obo/GO_0055085> SubClassOf <http://purl.obolibrary.org/obo/GO_0006810>
<http://purl.obolibrary.org/obo/GO_0000003> SubClassOf <http://purl.obolibrary.org/obo/GO_0008150>
<http://purl.obolibrary.org/obo/GO_0040011> SubClassOf <http://purl.obolibrary.org/obo/GO_0008150>
<http://purl.obolibrary.org/obo/GO_0003924> SubClassOf <http://purl.obolibrary.org/obo/GO_0003674>
<http://purl.obolibrary.org/obo/GO_0005623> SubClassOf <http://purl.obolibrary.org/obo/GO_0005575>
<http://purl.obolibrary.org/obo/GO_0003700> SubClassOf <http://purl.obolibrary.org/obo/GO_0003674>
<http://purl.obolibrary.org/obo/GO_0004386> SubClassOf <http://purl.obolibrary.org/obo/GO_0003674>
<http://purl.obolibrary.org/obo/GO_0042393> SubClassOf <http://purl.obolibrary.org/obo/GO_0003674>
<http://purl.obolibrary.org/obo/GO_0005856> SubClassOf <http://purl.obolibrary.org/obo/GO_0043226>
<http://purl.obolibrary.org/obo/GO_0009579> SubClassOf <http://purl.obolibrary.org/obo/GO_0005575>
<http://purl.obolibrary.org/obo/GO_0008092> SubClassOf <http://purl.obolibrary.org/obo/GO_0003674>
<http://purl.obolibrary.org/obo/GO_0043167> SubClassOf <http://purl.obolibrary.org/obo/GO_0003674>
<http://purl.obolibrary.org/obo/GO_0000229> SubClassOf <http://purl.obolibrary.org/obo/GO_0005694>
<http://purl.obolibrary.org/obo/GO_0000228> SubClassOf <http://purl.obolibrary.org/obo/GO_0005694>
<http://purl.obolibrary.org/obo/GO_0040007> SubClassOf <http://purl.obolibrary.org/obo/GO_0008150>
<http://purl.obolibrary.org/obo/GO_0009790> SubClassOf <http://purl.obolibrary.org/obo/GO_0048856>
<http://purl.obolibrary.org/obo/GO_0006412> SubClassOf <http://purl.obolibrary.org/obo/GO_0034641>
<http://purl.obolibrary.org/obo/GO_0006412> SubClassOf <http://purl.obolibrary.org/obo/GO_0009058>
<http://purl.obolibrary.org/obo/GO_0016779> SubClassOf <http://purl.obolibrary.org/obo/GO_0003674>
<http://purl.obolibrary.org/obo/GO_0061024> SubClassOf <http://purl.obolibrary.org/obo/GO_0008150>
<http://purl.obolibrary.org/obo/GO_0016491> SubClassOf <http://purl.obolibrary.org/obo/GO_0003674>
<http://purl.obolibrary.org/obo/GO_0008134> SubClassOf <http://purl.obolibrary.org/obo/GO_0003674>
<http://purl.obolibrary.org/obo/GO_0008135> SubClassOf <http://purl.obolibrary.org/obo/GO_0003723>
<http://purl.obolibrary.org/obo/GO_0005635> SubClassOf <http://purl.obolibrary.org/obo/GO_0005575>
<http://purl.obolibrary.org/obo/GO_0005634> SubClassOf <http://purl.obolibrary.org/obo/GO_0043226>
<http://purl.obolibrary.org/obo/GO_0032196> SubClassOf <http://purl.obolibrary.org/obo/GO_0008150>
<http://purl.obolibrary.org/obo/GO_0042254> SubClassOf <http://purl.obolibrary.org/obo/GO_0008150>
<http://purl.obolibrary.org/obo/GO_0006091> SubClassOf <http://purl.obolibrary.org/obo/GO_0008150>
<http://purl.obolibrary.org/obo/GO_0006629> SubClassOf <http://purl.obolibrary.org/obo/GO_0008150>
<http://purl.obolibrary.org/obo/GO_0016810> SubClassOf <http://purl.obolibrary.org/obo/GO_0003674>
<http://purl.obolibrary.org/obo/GO_0016765> SubClassOf <http://purl.obolibrary.org/obo/GO_0003674>
<http://purl.obolibrary.org/obo/GO_0002376> SubClassOf <http://purl.obolibrary.org/obo/GO_0008150>
<http://purl.obolibrary.org/obo/GO_0003013> SubClassOf <http://purl.obolibrary.org/obo/GO_0008150>
<http://purl.obolibrary.org/obo/GO_0030198> SubClassOf <http://purl.obolibrary.org/obo/GO_0008150>
<http://purl.obolibrary.org/obo/GO_0042592> SubClassOf <http://purl.obolibrary.org/obo/GO_0008150>
<http://purl.obolibrary.org/obo/GO_0071941> SubClassOf <http://purl.obolibrary.org/obo/GO_0008150>
<http://purl.obolibrary.org/obo/GO_0016853> SubClassOf <http://purl.obolibrary.org/obo/GO_0003674>
<http://purl.obolibrary.org/obo/GO_0032182> SubClassOf <http://purl.obolibrary.org/obo/GO_0003674>
<http://purl.obolibrary.org/obo/GO_0007568> SubClassOf <http://purl.obolibrary.org/obo/GO_0008150>
<http://purl.obolibrary.org/obo/GO_0031012> SubClassOf <http://purl.obolibrary.org/obo/GO_0005575>
<http://purl.obolibrary.org/obo/GO_0005576> SubClassOf <http://purl.obolibrary.org/obo/GO_0005575>
<http://purl.obolibrary.org/obo/GO_0005575> SubClassOf <http://www.w3.org/2002/07/owl#Thing>
<http://purl.obolibrary.org/obo/GO_0005794> SubClassOf <http://purl.obolibrary.org/obo/GO_0043226>
<http://purl.obolibrary.org/obo/GO_0044403> SubClassOf <http://purl.obolibrary.org/obo/GO_0008150>
<http://purl.obolibrary.org/obo/GO_0016757> SubClassOf <http://purl.obolibrary.org/obo/GO_0003674>
<http://purl.obolibrary.org/obo/GO_0034655> SubClassOf <http://purl.obolibrary.org/obo/GO_0009056>
<http://purl.obolibrary.org/obo/GO_0034655> SubClassOf <http://purl.obolibrary.org/obo/GO_0034641>
<http://purl.obolibrary.org/obo/GO_0030234> SubClassOf <http://purl.obolibrary.org/obo/GO_0003674>
<http://purl.obolibrary.org/obo/GO_0030674> SubClassOf <http://purl.obolibrary.org/obo/GO_0003674>
<http://purl.obolibrary.org/obo/GO_0005618> SubClassOf <http://purl.obolibrary.org/obo/GO_0030312>
<http://purl.obolibrary.org/obo/GO_0051604> SubClassOf <http://purl.obolibrary.org/obo/GO_0008150>
<http://purl.obolibrary.org/obo/GO_0005615> SubClassOf <http://purl.obolibrary.org/obo/GO_0005575>
<http://purl.obolibrary.org/obo/GO_0008289> SubClassOf <http://purl.obolibrary.org/obo/GO_0003674>
<http://purl.obolibrary.org/obo/GO_0015979> SubClassOf <http://purl.obolibrary.org/obo/GO_0008150>
<http://purl.obolibrary.org/obo/GO_0008283> SubClassOf <http://purl.obolibrary.org/obo/GO_0008150>
<http://purl.obolibrary.org/obo/GO_0140014> SubClassOf <http://purl.obolibrary.org/obo/GO_0008150>
<http://purl.obolibrary.org/obo/GO_0000902> SubClassOf <http://purl.obolibrary.org/obo/GO_0008150>
<http://purl.obolibrary.org/obo/GO_0048870> SubClassOf <http://purl.obolibrary.org/obo/GO_0040011>
<http://purl.obolibrary.org/obo/GO_0005783> SubClassOf <http://purl.obolibrary.org/obo/GO_0043226>
<http://purl.obolibrary.org/obo/GO_0009058> SubClassOf <http://purl.obolibrary.org/obo/GO_0008150>
<http://purl.obolibrary.org/obo/GO_0009056> SubClassOf <http://purl.obolibrary.org/obo/GO_0008150>
<http://purl.obolibrary.org/obo/GO_0051082> SubClassOf <http://purl.obolibrary.org/obo/GO_0003674>
<http://purl.obolibrary.org/obo/GO_0016746> SubClassOf <http://purl.obolibrary.org/obo/GO_0003674>
<http://purl.obolibrary.org/obo/GO_0016301> SubClassOf <http://purl.obolibrary.org/obo/GO_0003674>
<http://purl.obolibrary.org/obo/GO_0034641> SubClassOf <http://purl.obolibrary.org/obo/GO_0008150>
<http://purl.obolibrary.org/obo/GO_0005829> SubClassOf <http://purl.obolibrary.org/obo/GO_0005575>
<http://purl.obolibrary.org/obo/GO_0016829> SubClassOf <http://purl.obolibrary.org/obo/GO_0003674>
<http://purl.obolibrary.org/obo/GO_0006399> SubClassOf <http://purl.obolibrary.org/obo/GO_0034641>
<http://purl.obolibrary.org/obo/GO_0009536> SubClassOf <http://purl.obolibrary.org/obo/GO_0043226>
<http://purl.obolibrary.org/obo/GO_0006464> SubClassOf <http://purl.obolibrary.org/obo/GO_0008150>
<http://purl.obolibrary.org/obo/GO_0005777> SubClassOf <http://purl.obolibrary.org/obo/GO_0043226>
<http://purl.obolibrary.org/obo/GO_0030705> SubClassOf <http://purl.obolibrary.org/obo/GO_0006810>
<http://purl.obolibrary.org/obo/GO_0019899> SubClassOf <http://purl.obolibrary.org/obo/GO_0003674>
<http://purl.obolibrary.org/obo/GO_0005773> SubClassOf <http://purl.obolibrary.org/obo/GO_0043226>
<http://purl.obolibrary.org/obo/GO_0007059> SubClassOf <http://purl.obolibrary.org/obo/GO_0008150>
<http://purl.obolibrary.org/obo/GO_0051276> SubClassOf <http://purl.obolibrary.org/obo/GO_0008150>
<http://purl.obolibrary.org/obo/GO_0015031> SubClassOf <http://purl.obolibrary.org/obo/GO_0006810>
<http://purl.obolibrary.org/obo/GO_0006810> SubClassOf <http://purl.obolibrary.org/obo/GO_0008150>
<http://purl.obolibrary.org/obo/GO_0006790> SubClassOf <http://purl.obolibrary.org/obo/GO_0008150>
<http://purl.obolibrary.org/obo/GO_0005815> SubClassOf <http://purl.obolibrary.org/obo/GO_0005575>
<http://purl.obolibrary.org/obo/GO_0022618> SubClassOf <http://purl.obolibrary.org/obo/GO_0065003>
<http://purl.obolibrary.org/obo/GO_0005811> SubClassOf <http://purl.obolibrary.org/obo/GO_0043226>
<http://purl.obolibrary.org/obo/GO_0030533> SubClassOf <http://purl.obolibrary.org/obo/GO_0003729>
<http://purl.obolibrary.org/obo/GO_0005768> SubClassOf <http://purl.obolibrary.org/obo/GO_0031410>
<http://purl.obolibrary.org/obo/GO_0044281> SubClassOf <http://purl.obolibrary.org/obo/GO_0008150>
<http://purl.obolibrary.org/obo/GO_0005764> SubClassOf <http://purl.obolibrary.org/obo/GO_0005773>
<http://purl.obolibrary.org/obo/GO_0019748> SubClassOf <http://purl.obolibrary.org/obo/GO_0008150>
<http://purl.obolibrary.org/obo/GO_0016192> SubClassOf <http://purl.obolibrary.org/obo/GO_0006810>
<http://purl.obolibrary.org/obo/GO_0007049> SubClassOf <http://purl.obolibrary.org/obo/GO_0008150>
<http://purl.obolibrary.org/obo/GO_0007267> SubClassOf <http://purl.obolibrary.org/obo/GO_0008150>
<http://purl.obolibrary.org/obo/GO_0006605> SubClassOf <http://purl.obolibrary.org/obo/GO_0015031>
<http://purl.obolibrary.org/obo/GO_0030154> SubClassOf <http://purl.obolibrary.org/obo/GO_0008150>
<http://purl.obolibrary.org/obo/GO_0051301> SubClassOf <http://purl.obolibrary.org/obo/GO_0008150>
<http://purl.obolibrary.org/obo/GO_0031410> SubClassOf <http://purl.obolibrary.org/obo/GO_0043226>
<http://purl.obolibrary.org/obo/GO_0005975> SubClassOf <http://purl.obolibrary.org/obo/GO_0008150>
<http://purl.obolibrary.org/obo/GO_0007034> SubClassOf <http://purl.obolibrary.org/obo/GO_0006810>
<http://purl.obolibrary.org/obo/GO_0006520> SubClassOf <http://purl.obolibrary.org/obo/GO_0044281>
<http://purl.obolibrary.org/obo/GO_0016887> SubClassOf <http://purl.obolibrary.org/obo/GO_0003674>
<http://purl.obolibrary.org/obo/GO_0006259> SubClassOf <http://purl.obolibrary.org/obo/GO_0034641>
<http://purl.obolibrary.org/obo/GO_0021700> SubClassOf <http://purl.obolibrary.org/obo/GO_0008150>
<http://purl.obolibrary.org/obo/GO_0065003> SubClassOf <http://purl.obolibrary.org/obo/GO_0022607>
<http://purl.obolibrary.org/obo/GO_0005694> SubClassOf <http://purl.obolibrary.org/obo/GO_0043226>
<http://purl.obolibrary.org/obo/GO_0006950> SubClassOf <http://purl.obolibrary.org/obo/GO_0008150>
<http://purl.obolibrary.org/obo/GO_0016874> SubClassOf <http://purl.obolibrary.org/obo/GO_0003674>
<http://purl.obolibrary.org/obo/GO_0000278> SubClassOf <http://purl.obolibrary.org/obo/GO_0007049>
<http://purl.obolibrary.org/obo/GO_0008233> SubClassOf <http://purl.obolibrary.org/obo/GO_0003674>
<http://purl.obolibrary.org/obo/GO_0005739> SubClassOf <http://purl.obolibrary.org/obo/GO_0043226>
<http://purl.obolibrary.org/obo/GO_0005737> SubClassOf <http://purl.obolibrary.org/obo/GO_0005575>
<http://purl.obolibrary.org/obo/GO_0005730> SubClassOf <http://purl.obolibrary.org/obo/GO_0043226>
<http://purl.obolibrary.org/obo/GO_0004518> SubClassOf <http://purl.obolibrary.org/obo/GO_0003674>
<http://purl.obolibrary.org/obo/GO_0007010> SubClassOf <http://purl.obolibrary.org/obo/GO_0008150>
<http://purl.obolibrary.org/obo/GO_0043473> SubClassOf <http://purl.obolibrary.org/obo/GO_0008150>
<http://purl.obolibrary.org/obo/GO_0022857> SubClassOf <http://purl.obolibrary.org/obo/GO_0003674>
<http://purl.obolibrary.org/obo/GO_0051186> SubClassOf <http://purl.obolibrary.org/obo/GO_0008150>
<http://purl.obolibrary.org/obo/GO_0005198> SubClassOf <http://purl.obolibrary.org/obo/GO_0003674>
<http://purl.obolibrary.org/obo/GO_0006457> SubClassOf <http://purl.obolibrary.org/obo/GO_0008150>
<http://purl.obolibrary.org/obo/GO_0032991> SubClassOf <http://purl.obolibrary.org/obo/GO_0005575>
<http://purl.obolibrary.org/obo/GO_0003735> SubClassOf <http://purl.obolibrary.org/obo/GO_0005198>
<http://purl.obolibrary.org/obo/GO_0007009> SubClassOf <http://purl.obolibrary.org/obo/GO_0061024>
<http://purl.obolibrary.org/obo/GO_0019843> SubClassOf <http://purl.obolibrary.org/obo/GO_0003723>
<http://purl.obolibrary.org/obo/GO_0007005> SubClassOf <http://purl.obolibrary.org/obo/GO_0008150>
<http://purl.obolibrary.org/obo/GO_0071554> SubClassOf <http://purl.obolibrary.org/obo/GO_0008150>
<http://purl.obolibrary.org/obo/GO_0008219> SubClassOf <http://purl.obolibrary.org/obo/GO_0008150>
<http://purl.obolibrary.org/obo/GO_0030555> SubClassOf <http://purl.obolibrary.org/obo/GO_0003723>
<http://purl.obolibrary.org/obo/GO_0003729> SubClassOf <http://purl.obolibrary.org/obo/GO_0003723>
